// Jest Snapshot v1, https://goo.gl/fbAQLP

exports[`<Button /> Snapshots should match snapshot 1`] = `
<div>
  <button
    class="rc-button"
  >
    Enter World
  </button>
</div>
`;
