// Jest Snapshot v1, https://goo.gl/fbAQLP

exports[`<Modal /> Snapshots should match snapshot 1`] = `
<div>
  <div
    class="rc-tooltip"
  >
    Tooltip text
  </div>
</div>
`;
