// Jest Snapshot v1, https://goo.gl/fbAQLP

exports[`<Input /> Snapshots should match snapshot 1`] = `
<div>
  <div>
    <span
      class="sc-bdVaJa klgfqw"
    >
      Say: 
    </span>
    <input
      class="sc-bwzfXH iBLEiv"
    />
  </div>
</div>
`;
