// Jest Snapshot v1, https://goo.gl/fbAQLP

exports[`<Title /> Snapshots should match snapshot 1`] = `
<div>
  <h1
    class="sc-bdVaJa cUfhWq"
  />
</div>
`;
